../Core/Src/main.c:18:6:initUsart1	40	static
../Core/Src/main.c:52:6:transmissionEachByte	24	static
../Core/Src/main.c:64:6:my_printf	272	static
../Core/Src/main.c:74:6:initLed	16	static
../Core/Src/main.c:88:6:readStatePA0	16	static
../Core/Src/main.c:93:6:gpioPD15SetHigh	16	static
../Core/Src/main.c:98:6:gpioPD15SetLow	16	static
../Core/Src/main.c:103:6:my_handler	16	static
../Core/Src/main.c:119:6:button_interrupt_init	56	static
../Core/Src/main.c:162:6:initButton	16	static
../Core/Src/main.c:170:6:initGpioPD15_output	16	static
../Core/Src/main.c:178:5:main	8	static
