../Src/uart.c:8:5:__io_putchar	0	static
../Src/uart.c:14:6:debug	0	static
../Src/uart.c:26:6:print	0	static
../Src/uart.c:31:9:readData	0	static
../Src/uart.c:38:6:uart1_rxtx	0	static,ignoring_inline_asm
../Src/uart.c:85:6:check_receive_uart_and_send	8	static
../Src/uart.c:104:6:USART1_IRQHandler	0	static
../Src/uart.c:123:6:tranmissionEachByte	0	static
../Src/uart.c:136:6:myPrintf	528	static
../Src/uart.c:146:5:convertNumberToString	8	static
../Src/uart.c:169:6:reverseString	8	dynamic
../Src/uart.c:180:6:printInt	112	static
